====================================================================
ENVIRONMENT PREFLIGHT
====================================================================
  [info] GPU: NVIDIA RTX A5000 (device 0) | free 25.0 / 25.3 GB
  [info] CUDA_VISIBLE_DEVICES=1
  [info] GPU allocation probe: OK
  [info] RESULTS_DIR = /home/morteza/Downloads/pa_bse/results (writable)
  [info] Disk free at RESULTS_DIR: 2278.5 GB
  [info] network OK: www.kaggle.com (ImageNet-Mini download (kagglehub))
  [info] network OK: github.com (mMobile channel dataset clone)
  [info] network OK: download.pytorch.org (VGG19 pretrained weights)
  [WARN] No Kaggle credentials. kagglehub may prompt or fail; the notebook will fall back to Imagenette. To use ImageNet-Mini, place kaggle.json in ~/.kaggle/ or set KAGGLE_USERNAME / KAGGLE_KEY.
  [WARN] Not inside tmux/screen. A dropped SSH session will KILL a multi-hour run. Recommended:  tmux new -s pabse   then launch inside it.
====================================================================
PREFLIGHT OK (with 2 warning(s)) - safe to proceed.
Tip: the notebook's own RESULTS_DIR logic runs later; if it differs from
     /home/morteza/Downloads/pa_bse/results, set it explicitly so outputs land somewhere writable.
Torch 2.8.0+cu128 | device: cuda
[results] RESULTS_DIR = /home/morteza/Downloads/pa_bse/results
eps_bar=1.0 bit/elem -> sigma floor 0.577; grid [np.float64(0.0), np.float64(0.5774), np.float64(0.7806), np.float64(0.9838), np.float64(1.1871), np.float64(1.3903), np.float64(1.5935), np.float64(1.7968), np.float64(2.0)]
Total FLOPs: 39.03 G
Warning: Looks like you're using an outdated `kagglehub` version (installed: 0.3.13), please consider upgrading to the latest version (1.0.2).
Cloning into 'mMobile'...
ImageNet-Mini 1000 | clean top-1: 70.30% (703/1000)
mMobile (public) | calibrated loc1 gain -99.4 dB (cal -71.7 dB)
channel gains plot saved
Paper Fig 2-4 arrays ready (privacy-invariant).
[cache] reusing accuracy_profile.csv (740 rows) - skipping A(l,j) profiling
A(l,0)==clean at all layers: True
per-element eps_bar_dp(sigma=1) = 0.5000 bit/elem (layer-independent)
total eps: l=0 -> 1605632 | l=36 -> 12544 bits (deeper leaks less in TOTAL)
[cache] reusing accuracy_profile_priv.csv (1998 rows) - skipping A(l,j,sigma) profiling
A(l,0,0)==clean (generalization): True
l=6,P=0.27 sweep sigma:
  sigma=0: U=70.3% eps_bar=inf feasible=True
  sigma=0.577: U=69.9% eps_bar=1.001 feasible=False
  sigma=1.0: U=66.6% eps_bar=0.500 feasible=True
  sigma=2.0: U=33.0% eps_bar=0.161 feasible=True
PREFLIGHT PASSED: A(l,0,0)==clean; eps_bar_dp(1)=0.5000; feasible sigmas=[0.5774, 0.7806, 0.9838, 1.1871, 1.3903, 1.5935, 1.7968, 2.0]
3-D grid: 33300 configs
[optimizer-quality] equal-budget random search (1500 evals): U=69.90%
PA-BSE: {'l': 6, 'P_t': 0.3101, 'E': np.float64(1.4696), 'delay': np.float64(4.7819), 'feasible': True, 'sigma': 0.5774, 'U': 0.699, 'eps_bar': np.float64(0.9999)} | BO iters: 20
Exhaustive: {'l': 6, 'P_t': 0.2535, 'E': np.float64(1.3923), 'delay': np.float64(5.0), 'feasible': True, 'sigma': 0.5774, 'U': 0.699, 'eps_bar': np.float64(0.9999)} | grid: 33300
Baseline BSE (sigma=0): {'l': 6, 'P_t': 0.4192, 'E': np.float64(1.5049), 'delay': np.float64(4.256), 'feasible': True, 'sigma': 0.0, 'U': 0.703, 'eps_bar': inf}
[efficiency] PA-BSE: 0 BO-evals to within 0.001 of optimum (optimum already in initial design)
=== Optimization solution — full parameter block ===
Method               Baseline BSE (sigma=0) PA-BSE (eps_bar=1.0) Exhaustive (3-D)
split_layer_l                             6                    6                6
transmit_power_P_W                   0.4192               0.3101           0.2535
noise_sigma                             0.0               0.5774           0.5774
accuracy_U_pct                         70.3                 69.9             69.9
energy_E_J                            1.505                 1.47            1.392
energy_budget_J                         5.0                  5.0              5.0
delay_s                               4.256                4.782              5.0
delay_budget_s                          5.0                  5.0              5.0
eps_bar_bit_per_elem                    inf               0.9999           0.9999
eps_bar_budget                          1.0                  1.0              1.0
drop_rate                               0.0                  0.0           0.0828
feasible                               True                 True             True
evals_to_solution                        20                   20            33300
=== Table 1 (paper format): BSE vs PA-BSE ===
                           Algorithm  Iterations  SplitLayer  TransmitPower_W  Sigma  Accuracy_pct  Energy_J  Delay_s Leakage_bpe
Bayes-Split-Edge (Baseline, sigma=0)          20           6            0.419  0.000          70.3      1.50     4.26         inf
          PA-BSE (Ours, eps_bar=1.0)          20           6            0.310  0.577          69.9      1.47     4.78         1.0
             Exhaustive Search (3-D)       33300           6            0.254  0.577          69.9      1.39     5.00         1.0
        Random Search (equal budget)        1500           6            0.294  0.577          69.9      1.46     4.89         1.0
baseline best U=70.30% | PA-BSE best U=69.90%
baseline regret curve present: True | PA-BSE: True
[Fig10] BSE: 10/10 seeds reached opt, 10 found in init | PA-BSE: 9/10 reached, 9 in init
BSE: 0.0+/-0.0 | PA-BSE: 2.0+/-6.0 evals (grid 33300)
  NOTE: optimum often found within the initial design -> report as 'reached within initial design on this landscape', not as a small eval count.
saved accuracy-vs-layer comparison
CAPTION: Accuracy falls as noise sigma rises; the shaded region is privacy-
infeasible (leakage above budget). The optimizer picks the smallest feasible sigma.
CAPTION: Higher power shortens transmission, reducing deadline truncation and
raising accuracy until it saturates. Curves shift with the added noise.
CAPTION: As the privacy budget tightens (right to left), the optimizer moves the
split deeper AND raises noise — the two privacy levers working together.
CAPTION: With the per-element budget, the minimum feasible noise is the same at
every layer (flat line) — this is why the budget makes layers comparable.
CAPTION: Accuracy as a joint function of split layer and noise. The star marks
the PA-BSE operating point; accuracy degrades sharply at high noise.
CAPTION: How deadline-induced truncation degrades accuracy; deeper layers are
more robust because their smaller activations survive truncation better.
\nAll pairwise plots saved. 6 relationship plots + 1 heatmap.
CAPTION: Accuracy falls as noise increases; shaded region is privacy-infeasible (below the per-element budget floor). The optimizer picks the smallest feasible sigma.
CAPTION: Higher power raises the transmission rate, reducing deadline truncation and thus raising feasible accuracy, up to the energy limit.
CAPTION: Under the per-element budget, the minimum feasible noise is the SAME at every split layer (flat line) — this is exactly why the per-element formulation makes the split-point comparison fair. (With a total budget this line would slope.)
CAPTION: As the budget tightens (right to left), the optimizer moves the split DEEPER and increases noise — trading compute for privacy. The key coupling result.
CAPTION: Accuracy vs the fraction of the activation dropped when the deadline binds. Deeper layers tolerate truncation differently — this is A(l,j).
CAPTION: Joint accuracy landscape. Left of the dashed line is privacy-infeasible; the optimizer lands at the star — the highest-accuracy feasible point.

All pairwise plots saved:
   pair_accuracy_vs_noise.png
   pair_accuracy_vs_power.png
   pair_noise_vs_layer.png
   pair_optimal_vs_budget.png
   pair_accuracy_vs_drop.png
   surface_accuracy_layer_noise.png
eps_bar=      0.50 -> U= 66.0% l=13 sigma=1.187
eps_bar=      0.75 -> U= 69.3% l= 6 sigma=0.781
eps_bar=      1.00 -> U= 69.9% l= 6 sigma=0.577
eps_bar=      1.50 -> U= 69.9% l= 6 sigma=0.577
eps_bar=      2.00 -> U= 69.9% l= 6 sigma=0.577
eps_bar=      3.00 -> U= 69.9% l= 6 sigma=0.577
eps_bar=1000000000.00 -> U= 69.9% l= 6 sigma=0.577

=== T1. BSE vs PA-BSE (with delta) ===
                      Method  SplitLayer  Power_W  Sigma  Accuracy_pct  Energy_J  Delay_s  DropRate PerElem_Leakage
      BSE baseline (sigma=0)           6   0.4192 0.0000          70.3     1.505    4.256    0.0000             inf
        PA-BSE (eps_bar=1.0)           6   0.3101 0.5774          69.9     1.470    4.782    0.0000          0.9999
              Exhaustive 3-D           6   0.2535 0.5774          69.9     1.392    5.000    0.0828          0.9999
Random search (equal budget)           6   0.2939 0.5774          69.9     1.464    4.893    0.0000          0.9999
   DELTA (PA-BSE - baseline)           0  -0.1091 0.5774          -0.4    -0.035    0.526    0.0000               -

=== T2. Privacy-utility frontier ===
 eps_bar_bit_per_elem  accuracy_pct  privacy_cost_pts  optimal_split_layer  optimal_sigma  sigma_floor split_moved_vs_baseline
                 0.50         65.97              4.33                   13         1.1871       1.0000           yes -> deeper
                 0.75         69.27              1.03                    6         0.7806       0.7395                      no
                 1.00         69.90              0.40                    6         0.5774       0.5774                      no
                 1.50         69.90              0.40                    6         0.5774       0.3780                      no
                 2.00         69.90              0.40                    6         0.5774       0.2582                      no
                 3.00         69.90              0.40                    6         0.5774       0.1260                      no

=== T3. Per-layer summary (saved; 37 rows) ===
 layer    name  d_l_elements  payload_MB  acc_BSE_pct  acc_PABSE_pct  delta_pct  delay_s  energy_J  total_leakage_bits  feasible_BSE  feasible_PABSE
     0 conv1_1       3211264       12.85         70.3          64.33      -5.97    5.000     1.092           3210964.7          True            True
     1 relu1_1       3211264       12.85         70.3          65.73      -4.57    5.000     1.092           3210964.7          True            True
     2 conv1_2       3211264       12.85         65.9          29.37     -36.53    5.000     1.388           3210964.7          True            True
     3 relu1_2       3211264       12.85         65.9          36.10     -29.80    5.000     1.389           3210964.7          True            True
     4   pool1        802816        3.21         70.3          68.17      -2.13    3.315     0.866            802741.2          True            True
     5 conv2_1       1605632        6.42         70.3          59.97     -10.33    4.782     1.469           1605482.4          True            True
     6 relu2_1       1605632        6.42         70.3          69.90      -0.40    4.782     1.470           1605482.4          True            True
     7 conv2_2       1605632        6.42         70.3          17.97     -52.33    5.000     1.834           1605482.4          True            True
     8 relu2_2       1605632        6.42         70.3          22.13     -48.17    5.000     1.834           1605482.4          True            True
     9   pool2        401408        1.61         70.3          66.53      -3.77    3.614     1.404            401370.6          True            True
  ... (full table in T3_per_layer_summary.csv)

=== T4. Experimental configuration (saved) ===
                 parameter                                                              value
                     Model                                                 VGG19 (pretrained)
          Split candidates                                             37 (feature extractor)
                   Dataset                                                 ImageNet-Mini 1000
      Clean top-1 accuracy                                                             70.30%
                   Channel                          mMobile outdoor 30 m (UCSD), loc=1 beam=1
   Calibrated channel gain                                                           -99.4 dB
                 Bandwidth                                                         49.152 MHz
                 Noise PSD                                                      -147.0 dBm/Hz
      Transmit power range                                           [0.1, 0.5] W, 100 levels
               Edge device                                                  4 cores @ 1.8 GHz
               Edge server                                                  8 cores @ 4.0 GHz
             Energy budget                                                              5.0 J
              Delay budget                                                              5.0 s
Per-element privacy budget                                          eps_bar = 1.0 bit/element
               Clip budget                                      c0 = 1.0 (C_l = c0*sqrt(d_l))
                Noise grid [0.0, 0.5774, 0.7806, 0.9838, 1.1871, 1.3903, 1.5935, 1.7968, 2.0]
              Search space                                               33300 configurations
                     Seeds                           [42, 43, 44, 45, 46, 47, 48, 49, 50, 51]

================================================================
FIGURE INTEGRITY CHECKS
================================================================
  [FAIL] MISSING plot3d_accuracy_surface.png
  [FAIL] MISSING plot3d_accuracy_surface.pdf
  [FAIL] MISSING plot_baseline_recovery.png
  [FAIL] MISSING plot_baseline_recovery.pdf
================================================================
================================================================
MASTER VERIFICATION
================================================================
  [PASS] sigma=0 recovers baseline (A(l,0,0)==clean)
         range [70.30,70.30]% vs clean 70.30%
  [PASS] per-element budget is layer-independent
         eps_bar_dp(1)=0.5000 (no layer arg)
  [PASS] per-element budget decreasing in sigma
         monotone
  [PASS] total budget: deeper split leaks less
         l0=1605632 > l36=12544 bits
  [PASS] sigma=0 -> unbounded per-element leakage
         eps_bar_dp(0)=inf
  [PASS] PA-BSE satisfies E/delay/privacy
         E=1.47/5.0 delay=4.78/5.0 eps_bar=0.9999068047215554/1.0
  [PASS] Baseline BSE satisfies E/delay/privacy
         E=1.50/5.0 delay=4.26/5.0 eps_bar=inf/1.0
  [PASS] Exhaustive satisfies E/delay/privacy
         E=1.39/5.0 delay=5.00/5.0 eps_bar=0.9999068047215554/1.0
  [PASS] PA-BSE uses NON-ZERO noise (did not degenerate to baseline)
         PA-BSE sigma=0.5774 (must be >0; sigma=0 would mean no privacy was applied)
  [PASS] PA-BSE == exhaustive optimum
         PA-BSE 69.90% vs exhaustive 69.90%
  [PASS] PA-BSE >= equal-budget random search
         PA-BSE 69.90% vs random 69.90%
  [PASS] param-block accuracy == optimizer accuracy
         table 69.9% vs optimizer 69.90%
  [PASS] privacy cost is reported (not hidden)
         at eps_bar=1.0: cost 0.40 pts (clean 70.30% -> 69.90%)
  [PASS] privacy-utility frontier has real spread
         accuracy spans 66.0%-69.9% over the budget range
================================================================
ALL 14 CHECKS PASSED
================================================================

### RESULTS MANIFEST ###
Eval: ImageNet-Mini 1000, clean 70.30% | grid 33300 | eps_bar=1.0, c0=1.0

HEADLINE NUMBERS (for slides/paper):
  Baseline BSE:  layer 6, P=0.419, acc 70.30%
  PA-BSE:        layer 6, P=0.310, sigma=0.577, acc 69.90%
  Privacy cost:  0.40 accuracy points at eps_bar=1.0
  Efficiency:    optimum in initial design (grid 33300)

FIGURES (24):
   T1_comparison_with_delta.png
   T2_privacy_frontier_annotated.png
   T3_per_layer_summary.png
   T4_experimental_configuration.png
   channel_gains.png
   cmp_accuracy_vs_layer.png
   cmp_privacy_frontier.png
   heatmap_accuracy_layer_noise.png
   pair_accuracy_vs_drop.png
   pair_accuracy_vs_noise.png
   pair_accuracy_vs_power.png
   pair_noise_vs_layer.png
   pair_optimal_vs_budget.png
   paper_accuracy_heatmaps.png
   paper_fig10_seeds.png
   paper_fig2.png
   paper_fig3.png
   paper_fig4.png
   paper_fig6.png
   paper_fig8_regret.png
   results_param_block.png
   support_leakage.png
   surface_accuracy_layer_noise.png
   table1.png
TABLES (12):
   T1_comparison_with_delta.csv
   T2_privacy_frontier_annotated.csv
   T3_per_layer_summary.csv
   T4_experimental_configuration.csv
   accuracy_profile.csv
   accuracy_profile_priv.csv
   cmp_accuracy_vs_layer.csv
   pairwise_budget_sweep.csv
   privacy_utility_frontier.csv
   results_param_block.csv
   table1.csv
   vgg19_profile.csv

Saved MASTER_summary.json. READY.
CAPTION: Accuracy as a joint function of split layer and noise (transmit power
fixed at the PA-BSE optimum). The blue point (sigma=0) is the BSE baseline; the
red star is the PA-BSE operating point. The surface shows privacy's accuracy cost.
Generalization invariant: max |A_priv(l,0,0) - A_BSE(l,0)| = 0.00e+00 percentage points
PASS
CAPTION: At zero noise the privacy-aware pipeline reproduces the BSE baseline
exactly at every split layer (right panel: difference is zero to machine
precision). PA-BSE is therefore a strict generalization of BSE.
